Microsoft (R) Macro Assembler Version 14.00.23026.0	    03/14/16 11:37:13
errorRoids.asm						     Page 1 - 1


				;errorRoids.asm
				;A simple action shooter
				;Windows32 Application 

				;Include files from Irvine libraries found in the ..\Irvine folder
				INCLUDE Irvine32.inc
			      C ; Include file for Irvine32.lib             (Irvine32.inc)
			      C 
			      C ;OPTION CASEMAP:NONE		; optional: make identifiers case-sensitive
			      C 
			      C INCLUDE SmallWin.inc		; MS-Windows prototypes, structures, and constants
			      C .NOLIST
			      C .LIST
			      C 
			      C INCLUDE VirtualKeys.inc
			      C ; VirtualKeys.inc
			      C .NOLIST
			      C .LIST
			      C 
			      C 
			      C .NOLIST
			      C .LIST
			      C 
				INCLUDE GraphWin.inc
			      C .NOLIST
			      C .LIST
			      C 

				;==================== DATA =======================
 00000000			.data
 00000000 00000032		shipLocX dword 50	;X coordinate of the ship
 00000004 00000032		shipLocY dword 50   ;Y coordinate of the ship
 00000008 00000000		shotsFired DWORD 0  ;number of shots fired
 0000000C 58 58 58 58 58	shipPlaceholder BYTE "XXXXXX",0
	   58 00

 00000013 57 65 61 70 6F	PopupTitle BYTE "Weapon Fired!",0
	   6E 20 46 69 72
	   65 64 21 00
 00000021 50 45 57 21 20	PopupText  BYTE "PEW! "
 00000026  50 45 57 21 00		       BYTE "PEW!",0

 0000002B 45 72 72 6F 72	GreetTitle BYTE "ErrorRoids!",0
	   52 6F 69 64 73
	   21 00
 00000037 57 65 6C 63 6F	GreetText  BYTE "Welcome to ErrorRoids! "
	   6D 65 20 74 6F
	   20 45 72 72 6F
	   72 52 6F 69 64
	   73 21 20
 0000004E  50 72 65 73 73		       BYTE "Press OK to begin. ",0
	   20 4F 4B 20 74
	   6F 20 62 65 67
	   69 6E 2E 20 00

 00000062 54 68 61 6E 6B	CloseMsg   BYTE "Thank you for playing!",0
	   20 79 6F 75 20
	   66 6F 72 20 70
	   6C 61 79 69 6E
	   67 21 00

 00000079 45 72 72 6F 72	ErrorTitle  BYTE "Error",0
	   00
 0000007F 45 72 72 6F 72	WindowName  BYTE "ErrorRoids!",0
	   52 6F 69 64 73
	   21 00
 0000008B 45 72 72 6F 72	className   BYTE "ErrorRoids ASMWin",0
	   52 6F 69 64 73
	   20 41 53 4D 57
	   69 6E 00

				; Define the Application's Window class structure.
 0000009D 00000000		MainWin WNDCLASS <NULL,WinProc,NULL,NULL,NULL,NULL,NULL, \
	   00000116 R
	   00000000
	   00000000
	   00000000
	   00000000
	   00000000
	   00000005
	   00000000
	   0000008B R
					COLOR_WINDOW,NULL,className>

 000000C5 00000000		msg	      MSGStruct <>
	   00000000
	   00000000
	   00000000
	   00000000
	   00000000
	   00000000
 000000E1 00000000		winRect   RECT <>
	   00000000
	   00000000
	   00000000
 000000F1 00000000		hMainWnd  DWORD ?
 000000F5 00000000		hInstance DWORD ?

				;=================== CODE =========================
 00000000			.code
 00000000			WinMain PROC
				; Get a handle to the current process.
					INVOKE GetModuleHandle, NULL
 00000007  A3 000000F5 R		mov hInstance, eax
 0000000C  A3 000000AD R		mov MainWin.hInstance, eax

				; Load the program's icon and cursor.
					INVOKE LoadIcon, NULL, IDI_APPLICATION
 0000001D  A3 000000B1 R		mov MainWin.hIcon, eax
					INVOKE LoadCursor, NULL, IDC_ARROW
 0000002E  A3 000000B5 R		mov MainWin.hCursor, eax

				; Register the window class.
					INVOKE RegisterClass, ADDR MainWin
					.IF eax == 0
 00000041  E8 00000190			  call ErrorHandler
 00000046  E9 00000097			  jmp Exit_Program
					.ENDIF

				; Create the application's main window.
				; Returns a handle to the main window in EAX.
					INVOKE CreateWindowEx, 0, ADDR className,
					  ADDR WindowName,MAIN_WINDOW_STYLE,
					  CW_USEDEFAULT,CW_USEDEFAULT,CW_USEDEFAULT,
					  CW_USEDEFAULT,NULL,NULL,hInstance,NULL
 00000081  A3 000000F1 R		mov hMainWnd,eax

				; If CreateWindowEx failed, display a message & exit.
					.IF eax == 0
 0000008A  E8 00000147			  call ErrorHandler
 0000008F  EB 51			  jmp  Exit_Program
					.ENDIF

				; Show and draw the window.
					INVOKE ShowWindow, hMainWnd, SW_SHOW
					INVOKE UpdateWindow, hMainWnd

				; Display a greeting message.
					INVOKE MessageBox, hMainWnd, ADDR GreetText,
					  ADDR GreetTitle, MB_OK

				; Begin the program's message-handling loop.
 000000C0			Message_Loop:
					; Get next message from the queue.
					INVOKE GetMessage, ADDR msg, NULL,NULL,NULL

					;INVOKE Paint, hMainWnd, shipLocX, shipLocY, ADDR shipPlaceholder

					; Quit if no more messages.
					.IF eax == 0
 000000D4  EB 0C			  jmp Exit_Program
					.ENDIF

					; Relay the message to the program's WinProc.
					INVOKE DispatchMessage, ADDR msg
 000000E0  EB DE		    jmp Message_Loop

 000000E2			Exit_Program:
				       ;debug out
 000000E2  A1 00000000 R	       mov eax,shipLocX
 000000E7  E8 00000000 E		  Call WriteDec
 000000EC  E8 00000000 E		  Call CRLF
 000000F1  A1 00000004 R		  MOV eax,shipLocY
 000000F6  E8 00000000 E		  Call WriteDec
 000000FB  E8 00000000 E		  Call CRLF
 00000100  A1 00000008 R		  MOV eax,shotsFired
 00000105  E8 00000000 E		  call WriteDec
 0000010A  E8 00000000 E		  Call CRLF

					  INVOKE ExitProcess,0
 00000116			WinMain ENDP

				;-----------------------------------------------------
 00000116			WinProc PROC,
					hWnd:DWORD, localMsg:DWORD, wParam:DWORD, lParam:DWORD
				; The application's message handler, which handles
				; application-specific messages. All other messages
				; are forwarded to the default Windows message
				; handler.
				;-----------------------------------------------------
 00000119  8B 45 0C			mov eax, localMsg

					.IF eax == WM_LBUTTONDOWN		; mouse button?
					  INVOKE MessageBox, hWnd, ADDR PopupText,
					    ADDR PopupTitle, MB_OK
 00000137  FF 05 00000008 R		  inc shotsFired			;increase shots fired
 0000013D  E9 00000090			  jmp WinProcExit
					.ELSEIF eax == WM_CREATE		; create window?
					  
 0000014C  E9 00000081			  jmp WinProcExit
					.ELSEIF eax == WM_CLOSE		; close window?
					  INVOKE MessageBox, hWnd, ADDR CloseMsg,
					    ADDR WindowName, MB_OK
					  INVOKE PostQuitMessage,0
 00000173  EB 5D			  jmp WinProcExit
					.ELSEIF eax == WM_KEYDOWN     ; keyboard controls
					  ;jump table to find virtual key from wparam
 0000017E  8B 45 10			  mov eax,wparam
 00000181  83 F8 26			  cmp eax,VK_UP			;up arrow
 00000184  74 11			  je UpKey
 00000186  83 F8 28			  cmp eax,VK_DOWN			;down arrow
 00000189  74 15			  je DownKey
 0000018B  83 F8 25			  cmp eax,VK_LEFT			;left arrow
 0000018E  74 19			  je LeftKey
 00000190  83 F8 27			  cmp eax,VK_RIGHT			;right arrow
 00000193  74 1D			  je RightKey
 00000195  EB 24			  jmp Default
					  ; Ship movement - 3 pixels per press
					  ; Upper left corner of window is (0,0) Starting point of the ship is (50,50)
 00000197				  UpKey:
 00000197  83 2D 00000000 R		    sub shipLocX,3
	   03
 0000019E  EB 1B			    jmp keydownExit
 000001A0			       DownKey:
 000001A0  83 05 00000000 R		    add shipLocX,3
	   03
 000001A7  EB 12			    jmp keydownExit
 000001A9				  LeftKey:
 000001A9  83 2D 00000004 R		    sub shipLocY,3
	   03
 000001B0  EB 09			    jmp keydownExit
 000001B2				  RightKey:
 000001B2  83 05 00000004 R		    add shipLocY,3
	   03
 000001B9  EB 00			    jmp keydownExit
 000001BB			       Default:
 000001BB			      keydownExit:
 000001BB  EB 15			 jmp WinProcExit
					.ELSE		; other message?
					  INVOKE DefWindowProc, hWnd, localMsg, wParam, lParam
 000001D0  EB 00			  jmp WinProcExit
					.ENDIF

 000001D2			WinProcExit:
					ret
 000001D6			WinProc ENDP

				;---------------------------------------------------
 000001D6			ErrorHandler PROC
				; Display the appropriate system error message.
				;---------------------------------------------------
 000000F9			.data
 000000F9 00000000		pErrorMsg  DWORD ?		; ptr to error message
 000000FD 00000000		messageID  DWORD ?
 000001D6			.code
					INVOKE GetLastError	; Returns message ID in EAX
 000001DB  A3 000000FD R		mov messageID,eax

					; Get the corresponding message string.
					INVOKE FormatMessage, FORMAT_MESSAGE_ALLOCATE_BUFFER + \
					  FORMAT_MESSAGE_FROM_SYSTEM,NULL,messageID,NULL,
					  ADDR pErrorMsg,NULL,NULL

					; Display the error message.
					INVOKE MessageBox,NULL, pErrorMsg, ADDR ErrorTitle,
					  MB_ICONERROR+MB_OK

					; Free the error message string.
					INVOKE LocalFree, pErrorMsg
 0000021C  C3				ret
 0000021D			ErrorHandler ENDP

				;Paint PROC,
				;	hWnd:DWORD, xCoord:DWORD, yCoord:DWORD, toDraw:PTR BYTE

				;	ret
				;Paint endP

				END WinMain
Microsoft (R) Macro Assembler Version 14.00.23026.0	    03/14/16 11:37:13
errorRoids.asm						     Symbols 2 - 1




Structures and Unions:

                N a m e                  Size
                                         Offset      Type

CONSOLE_CURSOR_INFO  . . . . . .	 00000008
  dwSize . . . . . . . . . . . .	 00000000	 DWord
  bVisible . . . . . . . . . . .	 00000004	 DWord
CONSOLE_SCREEN_BUFFER_INFO . . .	 00000016
  dwSize . . . . . . . . . . . .	 00000000	 DWord
  dwCursorPosition . . . . . . .	 00000004	 DWord
  wAttributes  . . . . . . . . .	 00000008	 Word
  srWindow . . . . . . . . . . .	 0000000A	 QWord
  dwMaximumWindowSize  . . . . .	 00000012	 DWord
COORD  . . . . . . . . . . . . .	 00000004
  X  . . . . . . . . . . . . . .	 00000000	 Word
  Y  . . . . . . . . . . . . . .	 00000002	 Word
FILETIME . . . . . . . . . . . .	 00000008
  loDateTime . . . . . . . . . .	 00000000	 DWord
  hiDateTime . . . . . . . . . .	 00000004	 DWord
FOCUS_EVENT_RECORD . . . . . . .	 00000004
  bSetFocus  . . . . . . . . . .	 00000000	 DWord
FPU_ENVIRON  . . . . . . . . . .	 0000001C
  controlWord  . . . . . . . . .	 00000000	 Word
  statusWord . . . . . . . . . .	 00000004	 Word
  tagWord  . . . . . . . . . . .	 00000008	 Word
  instrPointerOffset . . . . . .	 0000000C	 DWord
  instrPointerSelector . . . . .	 00000010	 DWord
  operandPointerOffset . . . . .	 00000014	 DWord
  operandPointerSelector . . . .	 00000018	 Word
INPUT_RECORD . . . . . . . . . .	 00000014
  EventType  . . . . . . . . . .	 00000000	 Word
  Event  . . . . . . . . . . . .	 00000004	 XmmWord
  bKeyDown . . . . . . . . . . .	 00000000	 DWord
  wRepeatCount . . . . . . . . .	 00000004	 Word
  wVirtualKeyCode  . . . . . . .	 00000006	 Word
  wVirtualScanCode . . . . . . .	 00000008	 Word
  uChar  . . . . . . . . . . . .	 0000000A	 Word
  UnicodeChar  . . . . . . . . .	 00000000	 Word
  AsciiChar  . . . . . . . . . .	 00000000	 Byte
  dwControlKeyState  . . . . . .	 0000000C	 DWord
  dwMousePosition  . . . . . . .	 00000000	 DWord
  dwButtonState  . . . . . . . .	 00000004	 DWord
  dwMouseControlKeyState . . . .	 00000008	 DWord
  dwEventFlags . . . . . . . . .	 0000000C	 DWord
  dwSize . . . . . . . . . . . .	 00000000	 DWord
  dwCommandId  . . . . . . . . .	 00000000	 DWord
  bSetFocus  . . . . . . . . . .	 00000000	 DWord
KEY_EVENT_RECORD . . . . . . . .	 00000010
  bKeyDown . . . . . . . . . . .	 00000000	 DWord
  wRepeatCount . . . . . . . . .	 00000004	 Word
  wVirtualKeyCode  . . . . . . .	 00000006	 Word
  wVirtualScanCode . . . . . . .	 00000008	 Word
  uChar  . . . . . . . . . . . .	 0000000A	 Word
  UnicodeChar  . . . . . . . . .	 00000000	 Word
  AsciiChar  . . . . . . . . . .	 00000000	 Byte
  dwControlKeyState  . . . . . .	 0000000C	 DWord
MENU_EVENT_RECORD  . . . . . . .	 00000004
  dwCommandId  . . . . . . . . .	 00000000	 DWord
MOUSE_EVENT_RECORD . . . . . . .	 00000010
  dwMousePosition  . . . . . . .	 00000000	 DWord
  dwButtonState  . . . . . . . .	 00000004	 DWord
  dwMouseControlKeyState . . . .	 00000008	 DWord
  dwEventFlags . . . . . . . . .	 0000000C	 DWord
MSGStruct  . . . . . . . . . . .	 0000001C
  msgWnd . . . . . . . . . . . .	 00000000	 DWord
  msgMessage . . . . . . . . . .	 00000004	 DWord
  msgWparam  . . . . . . . . . .	 00000008	 DWord
  msgLparam  . . . . . . . . . .	 0000000C	 DWord
  msgTime  . . . . . . . . . . .	 00000010	 DWord
  msgPt  . . . . . . . . . . . .	 00000014	 QWord
POINT  . . . . . . . . . . . . .	 00000008
  X  . . . . . . . . . . . . . .	 00000000	 DWord
  Y  . . . . . . . . . . . . . .	 00000004	 DWord
RECT . . . . . . . . . . . . . .	 00000010
  left . . . . . . . . . . . . .	 00000000	 DWord
  top  . . . . . . . . . . . . .	 00000004	 DWord
  right  . . . . . . . . . . . .	 00000008	 DWord
  bottom . . . . . . . . . . . .	 0000000C	 DWord
SMALL_RECT . . . . . . . . . . .	 00000008
  Left . . . . . . . . . . . . .	 00000000	 Word
  Top  . . . . . . . . . . . . .	 00000002	 Word
  Right  . . . . . . . . . . . .	 00000004	 Word
  Bottom . . . . . . . . . . . .	 00000006	 Word
SYSTEMTIME . . . . . . . . . . .	 00000010
  wYear  . . . . . . . . . . . .	 00000000	 Word
  wMonth . . . . . . . . . . . .	 00000002	 Word
  wDayOfWeek . . . . . . . . . .	 00000004	 Word
  wDay . . . . . . . . . . . . .	 00000006	 Word
  wHour  . . . . . . . . . . . .	 00000008	 Word
  wMinute  . . . . . . . . . . .	 0000000A	 Word
  wSecond  . . . . . . . . . . .	 0000000C	 Word
  wMilliseconds  . . . . . . . .	 0000000E	 Word
WINDOW_BUFFER_SIZE_RECORD  . . .	 00000004
  dwSize . . . . . . . . . . . .	 00000000	 DWord
WNDCLASS . . . . . . . . . . . .	 00000028
  style  . . . . . . . . . . . .	 00000000	 DWord
  lpfnWndProc  . . . . . . . . .	 00000004	 DWord
  cbClsExtra . . . . . . . . . .	 00000008	 DWord
  cbWndExtra . . . . . . . . . .	 0000000C	 DWord
  hInstance  . . . . . . . . . .	 00000010	 DWord
  hIcon  . . . . . . . . . . . .	 00000014	 DWord
  hCursor  . . . . . . . . . . .	 00000018	 DWord
  hbrBackground  . . . . . . . .	 0000001C	 DWord
  lpszMenuName . . . . . . . . .	 00000020	 DWord
  lpszClassName  . . . . . . . .	 00000024	 DWord


Segments and Groups:

                N a m e                 Size     Length   Align   Combine Class

FLAT . . . . . . . . . . . . . .	GROUP
STACK  . . . . . . . . . . . . .	32 Bit	 00001000 Para	  Stack	  'STACK'	 
_DATA  . . . . . . . . . . . . .	32 Bit	 00000101 Para	  Public  'DATA'	
_TEXT  . . . . . . . . . . . . .	32 Bit	 0000021D Para	  Public  'CODE'	


Procedures, parameters, and locals:

                N a m e                 Type     Value    Attr

CloseFile  . . . . . . . . . . .	P Near	 00000000 FLAT	Length= 00000000 External STDCALL
CloseHandle  . . . . . . . . . .	P Near	 00000000 FLAT	Length= 00000000 External STDCALL
Clrscr . . . . . . . . . . . . .	P Near	 00000000 FLAT	Length= 00000000 External STDCALL
CreateFileA  . . . . . . . . . .	P Near	 00000000 FLAT	Length= 00000000 External STDCALL
CreateOutputFile . . . . . . . .	P Near	 00000000 FLAT	Length= 00000000 External STDCALL
CreateWindowExA  . . . . . . . .	P Near	 00000000 FLAT	Length= 00000000 External STDCALL
Crlf . . . . . . . . . . . . . .	P Near	 00000000 FLAT	Length= 00000000 External STDCALL
DefWindowProcA . . . . . . . . .	P Near	 00000000 FLAT	Length= 00000000 External STDCALL
Delay  . . . . . . . . . . . . .	P Near	 00000000 FLAT	Length= 00000000 External STDCALL
DispatchMessageA . . . . . . . .	P Near	 00000000 FLAT	Length= 00000000 External STDCALL
DumpMem  . . . . . . . . . . . .	P Near	 00000000 FLAT	Length= 00000000 External STDCALL
DumpRegs . . . . . . . . . . . .	P Near	 00000000 FLAT	Length= 00000000 External STDCALL
ErrorHandler . . . . . . . . . .	P Near	 000001D6 _TEXT	Length= 00000047 Public STDCALL
ExitProcess  . . . . . . . . . .	P Near	 00000000 FLAT	Length= 00000000 External STDCALL
FileTimeToDosDateTime  . . . . .	P Near	 00000000 FLAT	Length= 00000000 External STDCALL
FileTimeToSystemTime . . . . . .	P Near	 00000000 FLAT	Length= 00000000 External STDCALL
FlushConsoleInputBuffer  . . . .	P Near	 00000000 FLAT	Length= 00000000 External STDCALL
FormatMessageA . . . . . . . . .	P Near	 00000000 FLAT	Length= 00000000 External STDCALL
GetCommandLineA  . . . . . . . .	P Near	 00000000 FLAT	Length= 00000000 External STDCALL
GetCommandTail . . . . . . . . .	P Near	 00000000 FLAT	Length= 00000000 External STDCALL
GetConsoleCP . . . . . . . . . .	P Near	 00000000 FLAT	Length= 00000000 External STDCALL
GetConsoleCursorInfo . . . . . .	P Near	 00000000 FLAT	Length= 00000000 External STDCALL
GetConsoleMode . . . . . . . . .	P Near	 00000000 FLAT	Length= 00000000 External STDCALL
GetConsoleScreenBufferInfo . . .	P Near	 00000000 FLAT	Length= 00000000 External STDCALL
GetDateTime  . . . . . . . . . .	P Near	 00000000 FLAT	Length= 00000000 External STDCALL
GetFileTime  . . . . . . . . . .	P Near	 00000000 FLAT	Length= 00000000 External STDCALL
GetKeyState  . . . . . . . . . .	P Near	 00000000 FLAT	Length= 00000000 External STDCALL
GetLastError . . . . . . . . . .	P Near	 00000000 FLAT	Length= 00000000 External STDCALL
GetLocalTime . . . . . . . . . .	P Near	 00000000 FLAT	Length= 00000000 External STDCALL
GetMaxXY . . . . . . . . . . . .	P Near	 00000000 FLAT	Length= 00000000 External STDCALL
GetMessageA  . . . . . . . . . .	P Near	 00000000 FLAT	Length= 00000000 External STDCALL
GetModuleHandleA . . . . . . . .	P Near	 00000000 FLAT	Length= 00000000 External STDCALL
GetMseconds  . . . . . . . . . .	P Near	 00000000 FLAT	Length= 00000000 External STDCALL
GetNumberOfConsoleInputEvents  .	P Near	 00000000 FLAT	Length= 00000000 External STDCALL
GetProcessHeap . . . . . . . . .	P Near	 00000000 FLAT	Length= 00000000 External STDCALL
GetStdHandle . . . . . . . . . .	P Near	 00000000 FLAT	Length= 00000000 External STDCALL
GetSystemTime  . . . . . . . . .	P Near	 00000000 FLAT	Length= 00000000 External STDCALL
GetTextColor . . . . . . . . . .	P Near	 00000000 FLAT	Length= 00000000 External STDCALL
GetTickCount . . . . . . . . . .	P Near	 00000000 FLAT	Length= 00000000 External STDCALL
GetWindowDC  . . . . . . . . . .	P Near	 00000000 FLAT	Length= 00000000 External STDCALL
GetWindowRect  . . . . . . . . .	P Near	 00000000 FLAT	Length= 00000000 External STDCALL
Gotoxy . . . . . . . . . . . . .	P Near	 00000000 FLAT	Length= 00000000 External STDCALL
HeapAlloc  . . . . . . . . . . .	P Near	 00000000 FLAT	Length= 00000000 External STDCALL
HeapCreate . . . . . . . . . . .	P Near	 00000000 FLAT	Length= 00000000 External STDCALL
HeapDestroy  . . . . . . . . . .	P Near	 00000000 FLAT	Length= 00000000 External STDCALL
HeapFree . . . . . . . . . . . .	P Near	 00000000 FLAT	Length= 00000000 External STDCALL
HeapSize . . . . . . . . . . . .	P Near	 00000000 FLAT	Length= 00000000 External STDCALL
IsDigit  . . . . . . . . . . . .	P Near	 00000000 FLAT	Length= 00000000 External STDCALL
LoadCursorA  . . . . . . . . . .	P Near	 00000000 FLAT	Length= 00000000 External STDCALL
LoadIconA  . . . . . . . . . . .	P Near	 00000000 FLAT	Length= 00000000 External STDCALL
LocalFree  . . . . . . . . . . .	P Near	 00000000 FLAT	Length= 00000000 External STDCALL
MessageBoxA  . . . . . . . . . .	P Near	 00000000 FLAT	Length= 00000000 External STDCALL
MsgBoxAsk  . . . . . . . . . . .	P Near	 00000000 FLAT	Length= 00000000 External STDCALL
MsgBox . . . . . . . . . . . . .	P Near	 00000000 FLAT	Length= 00000000 External STDCALL
OpenInputFile  . . . . . . . . .	P Near	 00000000 FLAT	Length= 00000000 External STDCALL
ParseDecimal32 . . . . . . . . .	P Near	 00000000 FLAT	Length= 00000000 External STDCALL
ParseInteger32 . . . . . . . . .	P Near	 00000000 FLAT	Length= 00000000 External STDCALL
PeekConsoleInputA  . . . . . . .	P Near	 00000000 FLAT	Length= 00000000 External STDCALL
PostQuitMessage  . . . . . . . .	P Near	 00000000 FLAT	Length= 00000000 External STDCALL
Random32 . . . . . . . . . . . .	P Near	 00000000 FLAT	Length= 00000000 External STDCALL
RandomRange  . . . . . . . . . .	P Near	 00000000 FLAT	Length= 00000000 External STDCALL
Randomize  . . . . . . . . . . .	P Near	 00000000 FLAT	Length= 00000000 External STDCALL
ReadChar . . . . . . . . . . . .	P Near	 00000000 FLAT	Length= 00000000 External STDCALL
ReadConsoleA . . . . . . . . . .	P Near	 00000000 FLAT	Length= 00000000 External STDCALL
ReadConsoleInputA  . . . . . . .	P Near	 00000000 FLAT	Length= 00000000 External STDCALL
ReadDec  . . . . . . . . . . . .	P Near	 00000000 FLAT	Length= 00000000 External STDCALL
ReadFile . . . . . . . . . . . .	P Near	 00000000 FLAT	Length= 00000000 External STDCALL
ReadFloat  . . . . . . . . . . .	P Near	 00000000 FLAT	Length= 00000000 External STDCALL
ReadFromFile . . . . . . . . . .	P Near	 00000000 FLAT	Length= 00000000 External STDCALL
ReadHex  . . . . . . . . . . . .	P Near	 00000000 FLAT	Length= 00000000 External STDCALL
ReadInt  . . . . . . . . . . . .	P Near	 00000000 FLAT	Length= 00000000 External STDCALL
ReadKeyFlush . . . . . . . . . .	P Near	 00000000 FLAT	Length= 00000000 External STDCALL
ReadKey  . . . . . . . . . . . .	P Near	 00000000 FLAT	Length= 00000000 External STDCALL
ReadString . . . . . . . . . . .	P Near	 00000000 FLAT	Length= 00000000 External STDCALL
RegisterClassA . . . . . . . . .	P Near	 00000000 FLAT	Length= 00000000 External STDCALL
SetConsoleCursorInfo . . . . . .	P Near	 00000000 FLAT	Length= 00000000 External STDCALL
SetConsoleCursorPosition . . . .	P Near	 00000000 FLAT	Length= 00000000 External STDCALL
SetConsoleMode . . . . . . . . .	P Near	 00000000 FLAT	Length= 00000000 External STDCALL
SetConsoleScreenBufferSize . . .	P Near	 00000000 FLAT	Length= 00000000 External STDCALL
SetConsoleTextAttribute  . . . .	P Near	 00000000 FLAT	Length= 00000000 External STDCALL
SetConsoleTitleA . . . . . . . .	P Near	 00000000 FLAT	Length= 00000000 External STDCALL
SetConsoleWindowInfo . . . . . .	P Near	 00000000 FLAT	Length= 00000000 External STDCALL
SetFilePointer . . . . . . . . .	P Near	 00000000 FLAT	Length= 00000000 External STDCALL
SetLocalTime . . . . . . . . . .	P Near	 00000000 FLAT	Length= 00000000 External STDCALL
SetTextColor . . . . . . . . . .	P Near	 00000000 FLAT	Length= 00000000 External STDCALL
ShowFPUStack . . . . . . . . . .	P Near	 00000000 FLAT	Length= 00000000 External STDCALL
ShowWindow . . . . . . . . . . .	P Near	 00000000 FLAT	Length= 00000000 External STDCALL
Sleep  . . . . . . . . . . . . .	P Near	 00000000 FLAT	Length= 00000000 External STDCALL
StrLength  . . . . . . . . . . .	P Near	 00000000 FLAT	Length= 00000000 External STDCALL
Str_compare  . . . . . . . . . .	P Near	 00000000 FLAT	Length= 00000000 External STDCALL
Str_copy . . . . . . . . . . . .	P Near	 00000000 FLAT	Length= 00000000 External STDCALL
Str_length . . . . . . . . . . .	P Near	 00000000 FLAT	Length= 00000000 External STDCALL
Str_trim . . . . . . . . . . . .	P Near	 00000000 FLAT	Length= 00000000 External STDCALL
Str_ucase  . . . . . . . . . . .	P Near	 00000000 FLAT	Length= 00000000 External STDCALL
SystemTimeToFileTime . . . . . .	P Near	 00000000 FLAT	Length= 00000000 External STDCALL
UpdateWindow . . . . . . . . . .	P Near	 00000000 FLAT	Length= 00000000 External STDCALL
WaitMsg  . . . . . . . . . . . .	P Near	 00000000 FLAT	Length= 00000000 External STDCALL
WinMain  . . . . . . . . . . . .	P Near	 00000000 _TEXT	Length= 00000116 Public STDCALL
  Message_Loop . . . . . . . . .	L Near	 000000C0 _TEXT	
  Exit_Program . . . . . . . . .	L Near	 000000E2 _TEXT	
WinProc  . . . . . . . . . . . .	P Near	 00000116 _TEXT	Length= 000000C0 Public STDCALL
  hWnd . . . . . . . . . . . . .	DWord	 bp + 00000008
  localMsg . . . . . . . . . . .	DWord	 bp + 0000000C
  wParam . . . . . . . . . . . .	DWord	 bp + 00000010
  lParam . . . . . . . . . . . .	DWord	 bp + 00000014
  UpKey  . . . . . . . . . . . .	L Near	 00000197 _TEXT	
  DownKey  . . . . . . . . . . .	L Near	 000001A0 _TEXT	
  LeftKey  . . . . . . . . . . .	L Near	 000001A9 _TEXT	
  RightKey . . . . . . . . . . .	L Near	 000001B2 _TEXT	
  Default  . . . . . . . . . . .	L Near	 000001BB _TEXT	
  keydownExit  . . . . . . . . .	L Near	 000001BB _TEXT	
  WinProcExit  . . . . . . . . .	L Near	 000001D2 _TEXT	
WriteBinB  . . . . . . . . . . .	P Near	 00000000 FLAT	Length= 00000000 External STDCALL
WriteBin . . . . . . . . . . . .	P Near	 00000000 FLAT	Length= 00000000 External STDCALL
WriteChar  . . . . . . . . . . .	P Near	 00000000 FLAT	Length= 00000000 External STDCALL
WriteConsoleA  . . . . . . . . .	P Near	 00000000 FLAT	Length= 00000000 External STDCALL
WriteConsoleOutputAttribute  . .	P Near	 00000000 FLAT	Length= 00000000 External STDCALL
WriteConsoleOutputCharacterA . .	P Near	 00000000 FLAT	Length= 00000000 External STDCALL
WriteDec . . . . . . . . . . . .	P Near	 00000000 FLAT	Length= 00000000 External STDCALL
WriteFile  . . . . . . . . . . .	P Near	 00000000 FLAT	Length= 00000000 External STDCALL
WriteFloat . . . . . . . . . . .	P Near	 00000000 FLAT	Length= 00000000 External STDCALL
WriteHexB  . . . . . . . . . . .	P Near	 00000000 FLAT	Length= 00000000 External STDCALL
WriteHex . . . . . . . . . . . .	P Near	 00000000 FLAT	Length= 00000000 External STDCALL
WriteInt . . . . . . . . . . . .	P Near	 00000000 FLAT	Length= 00000000 External STDCALL
WriteStackFrameName  . . . . . .	P Near	 00000000 FLAT	Length= 00000000 External STDCALL
WriteStackFrame  . . . . . . . .	P Near	 00000000 FLAT	Length= 00000000 External STDCALL
WriteString  . . . . . . . . . .	P Near	 00000000 FLAT	Length= 00000000 External STDCALL
WriteToFile  . . . . . . . . . .	P Near	 00000000 FLAT	Length= 00000000 External STDCALL
WriteWindowsMsg  . . . . . . . .	P Near	 00000000 FLAT	Length= 00000000 External STDCALL
printf . . . . . . . . . . . . .	P Near	 00000000 FLAT	Length= 00000000 External C
scanf  . . . . . . . . . . . . .	P Near	 00000000 FLAT	Length= 00000000 External C
wsprintfA  . . . . . . . . . . .	P Near	 00000000 FLAT	Length= 00000000 External C


Symbols:

                N a m e                 Type     Value    Attr

@CodeSize  . . . . . . . . . . .	Number	 00000000h   
@DataSize  . . . . . . . . . . .	Number	 00000000h   
@Interface . . . . . . . . . . .	Number	 00000003h   
@Model . . . . . . . . . . . . .	Number	 00000007h   
@code  . . . . . . . . . . . . .	Text   	 _TEXT
@data  . . . . . . . . . . . . .	Text   	 FLAT
@fardata?  . . . . . . . . . . .	Text   	 FLAT
@fardata . . . . . . . . . . . .	Text   	 FLAT
@stack . . . . . . . . . . . . .	Text   	 FLAT
ALT_MASK . . . . . . . . . . . .	Number	 00000003h   
CAPSLOCK_ON  . . . . . . . . . .	Number	 00000080h   
COLOR_BACKGROUND . . . . . . . .	Number	 00000002h   
COLOR_WINDOW . . . . . . . . . .	Number	 00000005h   
CREATE_ALWAYS  . . . . . . . . .	Number	 00000002h   
CREATE_NEW . . . . . . . . . . .	Number	 00000001h   
CTRL_MASK  . . . . . . . . . . .	Number	 0000000Ch   
CW_USEDEFAULT  . . . . . . . . .	Number	 -80000000h   
CloseMsg . . . . . . . . . . . .	Byte	 00000062 _DATA	
CreateFile . . . . . . . . . . .	Text   	 CreateFileA
CreateWindowEx . . . . . . . . .	Text   	 CreateWindowExA
DO_NOT_SHARE . . . . . . . . . .	Number	 00000000h   
DefWindowProc  . . . . . . . . .	Text   	 DefWindowProcA
DispatchMessage  . . . . . . . .	Text   	 DispatchMessageA
ENABLE_ECHO_INPUT  . . . . . . .	Number	 00000004h   
ENABLE_LINE_INPUT  . . . . . . .	Number	 00000002h   
ENABLE_MOUSE_INPUT . . . . . . .	Number	 00000010h   
ENABLE_PROCESSED_INPUT . . . . .	Number	 00000001h   
ENABLE_PROCESSED_OUTPUT  . . . .	Number	 00000001h   
ENABLE_WINDOW_INPUT  . . . . . .	Number	 00000008h   
ENABLE_WRAP_AT_EOL_OUTPUT  . . .	Number	 00000002h   
ENHANCED_KEY . . . . . . . . . .	Number	 00000100h   
ErrorTitle . . . . . . . . . . .	Byte	 00000079 _DATA	
FALSE  . . . . . . . . . . . . .	Number	 00000000h   
FILE_APPEND_DATA . . . . . . . .	Number	 00000004h   
FILE_ATTRIBUTE_ARCHIVE . . . . .	Number	 00000020h   
FILE_ATTRIBUTE_COMPRESSED  . . .	Number	 00000800h   
FILE_ATTRIBUTE_DEVICE  . . . . .	Number	 00000040h   
FILE_ATTRIBUTE_DIRECTORY . . . .	Number	 00000010h   
FILE_ATTRIBUTE_ENCRYPTED . . . .	Number	 00004000h   
FILE_ATTRIBUTE_HIDDEN  . . . . .	Number	 00000002h   
FILE_ATTRIBUTE_NORMAL  . . . . .	Number	 00000080h   
FILE_ATTRIBUTE_NOT_CONTENT_INDEXED .	Number	 00002000h   
FILE_ATTRIBUTE_OFFLINE . . . . .	Number	 00001000h   
FILE_ATTRIBUTE_READONLY  . . . .	Number	 00000001h   
FILE_ATTRIBUTE_REPARSE_POINT . .	Number	 00000400h   
FILE_ATTRIBUTE_SPARSE_FILE . . .	Number	 00000200h   
FILE_ATTRIBUTE_SYSTEM  . . . . .	Number	 00000004h   
FILE_ATTRIBUTE_TEMPORARY . . . .	Number	 00000100h   
FILE_BEGIN . . . . . . . . . . .	Number	 00000000h   
FILE_CURRENT . . . . . . . . . .	Number	 00000001h   
FILE_DELETE_CHILD  . . . . . . .	Number	 00000040h   
FILE_END . . . . . . . . . . . .	Number	 00000002h   
FILE_READ_DATA . . . . . . . . .	Number	 00000001h   
FILE_SHARE_DELETE  . . . . . . .	Number	 00000004h   
FILE_SHARE_READ  . . . . . . . .	Number	 00000001h   
FILE_SHARE_WRITE . . . . . . . .	Number	 00000002h   
FILE_WRITE_DATA  . . . . . . . .	Number	 00000002h   
FOCUS_EVENT  . . . . . . . . . .	Number	 00000010h   
FORMAT_MESSAGE_ALLOCATE_BUFFER .	Number	 00000100h   
FORMAT_MESSAGE_FROM_SYSTEM . . .	Number	 00001000h   
FormatMessage  . . . . . . . . .	Text   	 FormatMessageA
GENERIC_ALL  . . . . . . . . . .	Number	 10000000h   
GENERIC_EXECUTE  . . . . . . . .	Number	 20000000h   
GENERIC_READ . . . . . . . . . .	Number	 -80000000h   
GENERIC_WRITE  . . . . . . . . .	Number	 40000000h   
GetCommandLine . . . . . . . . .	Text   	 GetCommandLineA
GetMessage . . . . . . . . . . .	Text   	 GetMessageA
GetModuleHandle  . . . . . . . .	Text   	 GetModuleHandleA
GreetText  . . . . . . . . . . .	Byte	 00000037 _DATA	
GreetTitle . . . . . . . . . . .	Byte	 0000002B _DATA	
HANDLE . . . . . . . . . . . . .	Text   	 DWORD
HEAP_GENERATE_EXCEPTIONS . . . .	Number	 00000004h   
HEAP_GROWABLE  . . . . . . . . .	Number	 00000002h   
HEAP_NO_SERIALIZE  . . . . . . .	Number	 00000001h   
HEAP_REALLOC_IN_PLACE_ONLY . . .	Number	 00000010h   
HEAP_ZERO_MEMORY . . . . . . . .	Number	 00000008h   
IDABORT  . . . . . . . . . . . .	Number	 00000003h   
IDCANCEL . . . . . . . . . . . .	Number	 00000002h   
IDCLOSE  . . . . . . . . . . . .	Number	 00000008h   
IDCONTINUE . . . . . . . . . . .	Number	 0000000Bh   
IDC_ARROW  . . . . . . . . . . .	Number	 00007F00h   
IDHELP . . . . . . . . . . . . .	Number	 00000009h   
IDIGNORE . . . . . . . . . . . .	Number	 00000005h   
IDI_APPLICATION  . . . . . . . .	Number	 00007F00h   
IDNO . . . . . . . . . . . . . .	Number	 00000007h   
IDOK . . . . . . . . . . . . . .	Number	 00000001h   
IDRETRY  . . . . . . . . . . . .	Number	 00000004h   
IDTIMEOUT  . . . . . . . . . . .	Number	 00007D00h   
IDTRYAGAIN . . . . . . . . . . .	Number	 0000000Ah   
IDYES  . . . . . . . . . . . . .	Number	 00000006h   
INVALID_HANDLE_VALUE . . . . . .	Number	 -00000001h   
KBDOWN_FLAG  . . . . . . . . . .	Number	 00000001h   
KEY_EVENT  . . . . . . . . . . .	Number	 00000001h   
KEY_MASKS  . . . . . . . . . . .	Number	 0000001Fh   
LEFT_ALT_PRESSED . . . . . . . .	Number	 00000002h   
LEFT_CTRL_PRESSED  . . . . . . .	Number	 00000008h   
LoadCursor . . . . . . . . . . .	Text   	 LoadCursorA
LoadIcon . . . . . . . . . . . .	Text   	 LoadIconA
MAIN_WINDOW_STYLE  . . . . . . .	Number	 118F0000h   
MB_ABORTRETRYIGNORE  . . . . . .	Number	 00000002h   
MB_APPLMODAL . . . . . . . . . .	Number	 00000000h   
MB_CANCELTRYCONTINUE . . . . . .	Number	 00000006h   
MB_DEFBUTTON1  . . . . . . . . .	Number	 00000000h   
MB_DEFBUTTON2  . . . . . . . . .	Number	 00000100h   
MB_DEFBUTTON3  . . . . . . . . .	Number	 00000200h   
MB_DEFBUTTON4  . . . . . . . . .	Number	 00000300h   
MB_HELP  . . . . . . . . . . . .	Number	 00004000h   
MB_ICONASTERISK  . . . . . . . .	Number	 00000040h   
MB_ICONERROR . . . . . . . . . .	Number	 00000010h   
MB_ICONEXCLAMATION . . . . . . .	Number	 00000030h   
MB_ICONHAND  . . . . . . . . . .	Number	 00000010h   
MB_ICONINFORMATION . . . . . . .	Number	 00000040h   
MB_ICONQUESTION  . . . . . . . .	Number	 00000020h   
MB_ICONSTOP  . . . . . . . . . .	Number	 00000010h   
MB_ICONWARNING . . . . . . . . .	Number	 00000030h   
MB_OKCANCEL  . . . . . . . . . .	Number	 00000001h   
MB_OK  . . . . . . . . . . . . .	Number	 00000000h   
MB_RETRYCANCEL . . . . . . . . .	Number	 00000005h   
MB_SYSTEMMODAL . . . . . . . . .	Number	 00001000h   
MB_TASKMODAL . . . . . . . . . .	Number	 00002000h   
MB_USERICON  . . . . . . . . . .	Number	 00000080h   
MB_YESNOCANCEL . . . . . . . . .	Number	 00000003h   
MB_YESNO . . . . . . . . . . . .	Number	 00000004h   
MENU_EVENT . . . . . . . . . . .	Number	 00000008h   
MOUSE_EVENT  . . . . . . . . . .	Number	 00000002h   
MainWin  . . . . . . . . . . . .	WNDCLASS  0000009D _DATA	
MessageBox . . . . . . . . . . .	Text   	 MessageBoxA
NULL . . . . . . . . . . . . . .	Number	 00000000h   
NUMLOCK_ON . . . . . . . . . . .	Number	 00000020h   
OPEN_ALWAYS  . . . . . . . . . .	Number	 00000004h   
OPEN_EXISTING  . . . . . . . . .	Number	 00000003h   
PeekConsoleInput . . . . . . . .	Text   	 PeekConsoleInputA
PopupText  . . . . . . . . . . .	Byte	 00000021 _DATA	
PopupTitle . . . . . . . . . . .	Byte	 00000013 _DATA	
RIGHT_ALT_PRESSED  . . . . . . .	Number	 00000001h   
RIGHT_CTRL_PRESSED . . . . . . .	Number	 00000004h   
ReadConsoleInput . . . . . . . .	Text   	 ReadConsoleInputA
ReadConsole  . . . . . . . . . .	Text   	 ReadConsoleA
RegisterClass  . . . . . . . . .	Text   	 RegisterClassA
SCROLLLOCK_ON  . . . . . . . . .	Number	 00000040h   
SHIFT_MASK . . . . . . . . . . .	Number	 00000010h   
SHIFT_PRESSED  . . . . . . . . .	Number	 00000010h   
STD_ERROR_HANDLE . . . . . . . .	Number	 -0000000Ch   
STD_INPUT_HANDLE . . . . . . . .	Number	 -0000000Ah   
STD_OUTPUT_HANDLE  . . . . . . .	Number	 -0000000Bh   
SW_SHOW  . . . . . . . . . . . .	Number	 00000005h   
SetConsoleTitle  . . . . . . . .	Text   	 SetConsoleTitleA
TAB  . . . . . . . . . . . . . .	Number	 00000009h   
TRUE . . . . . . . . . . . . . .	Number	 00000001h   
TRUNCATE_EXISTING  . . . . . . .	Number	 00000005h   
VK_11  . . . . . . . . . . . . .	Number	 000000BDh   
VK_12  . . . . . . . . . . . . .	Number	 000000BBh   
VK_ADD . . . . . . . . . . . . .	Number	 0000006Bh   
VK_BACK  . . . . . . . . . . . .	Number	 00000008h   
VK_CANCEL  . . . . . . . . . . .	Number	 00000003h   
VK_CAPITAL . . . . . . . . . . .	Number	 00000014h   
VK_CLEAR . . . . . . . . . . . .	Number	 0000000Ch   
VK_CONTROL . . . . . . . . . . .	Number	 00000011h   
VK_DECIMAL . . . . . . . . . . .	Number	 0000006Eh   
VK_DELETE  . . . . . . . . . . .	Number	 0000002Eh   
VK_DIVIDE  . . . . . . . . . . .	Number	 0000006Fh   
VK_DOWN  . . . . . . . . . . . .	Number	 00000028h   
VK_END . . . . . . . . . . . . .	Number	 00000023h   
VK_ESCAPE  . . . . . . . . . . .	Number	 0000001Bh   
VK_EXECUTE . . . . . . . . . . .	Number	 0000002Bh   
VK_F10 . . . . . . . . . . . . .	Number	 00000079h   
VK_F11 . . . . . . . . . . . . .	Number	 0000007Ah   
VK_F12 . . . . . . . . . . . . .	Number	 0000007Bh   
VK_F13 . . . . . . . . . . . . .	Number	 0000007Ch   
VK_F14 . . . . . . . . . . . . .	Number	 0000007Dh   
VK_F15 . . . . . . . . . . . . .	Number	 0000007Eh   
VK_F16 . . . . . . . . . . . . .	Number	 0000007Fh   
VK_F17 . . . . . . . . . . . . .	Number	 00000080h   
VK_F18 . . . . . . . . . . . . .	Number	 00000081h   
VK_F19 . . . . . . . . . . . . .	Number	 00000082h   
VK_F1  . . . . . . . . . . . . .	Number	 00000070h   
VK_F20 . . . . . . . . . . . . .	Number	 00000083h   
VK_F21 . . . . . . . . . . . . .	Number	 00000084h   
VK_F22 . . . . . . . . . . . . .	Number	 00000085h   
VK_F23 . . . . . . . . . . . . .	Number	 00000086h   
VK_F24 . . . . . . . . . . . . .	Number	 00000087h   
VK_F2  . . . . . . . . . . . . .	Number	 00000071h   
VK_F3  . . . . . . . . . . . . .	Number	 00000072h   
VK_F4  . . . . . . . . . . . . .	Number	 00000073h   
VK_F5  . . . . . . . . . . . . .	Number	 00000074h   
VK_F6  . . . . . . . . . . . . .	Number	 00000075h   
VK_F7  . . . . . . . . . . . . .	Number	 00000076h   
VK_F8  . . . . . . . . . . . . .	Number	 00000077h   
VK_F9  . . . . . . . . . . . . .	Number	 00000078h   
VK_HELP  . . . . . . . . . . . .	Number	 0000002Fh   
VK_HOME  . . . . . . . . . . . .	Number	 00000024h   
VK_INSERT  . . . . . . . . . . .	Number	 0000002Dh   
VK_LBUTTON . . . . . . . . . . .	Number	 00000001h   
VK_LCONTROL  . . . . . . . . . .	Number	 000000A2h   
VK_LEFT  . . . . . . . . . . . .	Number	 00000025h   
VK_LMENU . . . . . . . . . . . .	Number	 000000A4h   
VK_LSHIFT  . . . . . . . . . . .	Number	 000000A0h   
VK_MENU  . . . . . . . . . . . .	Number	 00000012h   
VK_MULTIPLY  . . . . . . . . . .	Number	 0000006Ah   
VK_NEXT  . . . . . . . . . . . .	Number	 00000022h   
VK_NUMLOCK . . . . . . . . . . .	Number	 00000090h   
VK_NUMPAD0 . . . . . . . . . . .	Number	 00000060h   
VK_NUMPAD1 . . . . . . . . . . .	Number	 00000061h   
VK_NUMPAD2 . . . . . . . . . . .	Number	 00000062h   
VK_NUMPAD3 . . . . . . . . . . .	Number	 00000063h   
VK_NUMPAD4 . . . . . . . . . . .	Number	 00000064h   
VK_NUMPAD5 . . . . . . . . . . .	Number	 00000065h   
VK_NUMPAD6 . . . . . . . . . . .	Number	 00000066h   
VK_NUMPAD7 . . . . . . . . . . .	Number	 00000067h   
VK_NUMPAD8 . . . . . . . . . . .	Number	 00000068h   
VK_NUMPAD9 . . . . . . . . . . .	Number	 00000069h   
VK_PAUSE . . . . . . . . . . . .	Number	 00000013h   
VK_PRINT . . . . . . . . . . . .	Number	 0000002Ah   
VK_PRIOR . . . . . . . . . . . .	Number	 00000021h   
VK_RBUTTON . . . . . . . . . . .	Number	 00000002h   
VK_RCONTROL  . . . . . . . . . .	Number	 000000A3h   
VK_RETURN  . . . . . . . . . . .	Number	 0000000Dh   
VK_RIGHT . . . . . . . . . . . .	Number	 00000027h   
VK_RMENU . . . . . . . . . . . .	Number	 000000A5h   
VK_RSHIFT  . . . . . . . . . . .	Number	 000000A1h   
VK_SCROLL  . . . . . . . . . . .	Number	 00000091h   
VK_SEPARATER . . . . . . . . . .	Number	 0000006Ch   
VK_SHIFT . . . . . . . . . . . .	Number	 00000010h   
VK_SNAPSHOT  . . . . . . . . . .	Number	 0000002Ch   
VK_SPACE . . . . . . . . . . . .	Number	 00000020h   
VK_SUBTRACT  . . . . . . . . . .	Number	 0000006Dh   
VK_TAB . . . . . . . . . . . . .	Number	 00000009h   
VK_UP  . . . . . . . . . . . . .	Number	 00000026h   
WINDOW_BUFFER_SIZE_EVENT . . . .	Number	 00000004h   
WM_CLOSE . . . . . . . . . . . .	Number	 00000010h   
WM_CREATE  . . . . . . . . . . .	Number	 00000001h   
WM_KEYDOWN . . . . . . . . . . .	Number	 00000100h   
WM_LBUTTONDOWN . . . . . . . . .	Number	 00000201h   
WS_BORDER  . . . . . . . . . . .	Number	 00800000h   
WS_CAPTION . . . . . . . . . . .	Number	 00C00000h   
WS_DLGFRAME  . . . . . . . . . .	Number	 00400000h   
WS_MAXIMIZEBOX . . . . . . . . .	Number	 00010000h   
WS_MINIMIZEBOX . . . . . . . . .	Number	 00020000h   
WS_OVERLAPPED  . . . . . . . . .	Number	 00000000h   
WS_SYSMENU . . . . . . . . . . .	Number	 00080000h   
WS_THICKFRAME  . . . . . . . . .	Number	 00040000h   
WS_VISIBLE . . . . . . . . . . .	Number	 10000000h   
WindowName . . . . . . . . . . .	Byte	 0000007F _DATA	
WriteConsoleOutputCharacter  . .	Text   	 WriteConsoleOutputCharacterA
WriteConsole . . . . . . . . . .	Text   	 WriteConsoleA
black  . . . . . . . . . . . . .	Number	 00000000h   
blue . . . . . . . . . . . . . .	Number	 00000001h   
brown  . . . . . . . . . . . . .	Number	 00000006h   
className  . . . . . . . . . . .	Byte	 0000008B _DATA	
cyan . . . . . . . . . . . . . .	Number	 00000003h   
exit . . . . . . . . . . . . . .	Text   	 INVOKE ExitProcess,0
gray . . . . . . . . . . . . . .	Number	 00000008h   
green  . . . . . . . . . . . . .	Number	 00000002h   
hInstance  . . . . . . . . . . .	DWord	 000000F5 _DATA	
hMainWnd . . . . . . . . . . . .	DWord	 000000F1 _DATA	
lightBlue  . . . . . . . . . . .	Number	 00000009h   
lightCyan  . . . . . . . . . . .	Number	 0000000Bh   
lightGray  . . . . . . . . . . .	Number	 00000007h   
lightGreen . . . . . . . . . . .	Number	 0000000Ah   
lightMagenta . . . . . . . . . .	Number	 0000000Dh   
lightRed . . . . . . . . . . . .	Number	 0000000Ch   
magenta  . . . . . . . . . . . .	Number	 00000005h   
messageID  . . . . . . . . . . .	DWord	 000000FD _DATA	
msg  . . . . . . . . . . . . . .	MSGStruct  000000C5 _DATA	
pErrorMsg  . . . . . . . . . . .	DWord	 000000F9 _DATA	
red  . . . . . . . . . . . . . .	Number	 00000004h   
shipLocX . . . . . . . . . . . .	DWord	 00000000 _DATA	
shipLocY . . . . . . . . . . . .	DWord	 00000004 _DATA	
shipPlaceholder  . . . . . . . .	Byte	 0000000C _DATA	
shotsFired . . . . . . . . . . .	DWord	 00000008 _DATA	
white  . . . . . . . . . . . . .	Number	 0000000Fh   
winRect  . . . . . . . . . . . .	RECT	 000000E1 _DATA	
wsprintf . . . . . . . . . . . .	Text   	 wsprintfA
yellow . . . . . . . . . . . . .	Number	 0000000Eh   

	   0 Warnings
	   0 Errors
